================================================================================
TESTING IMAGE GENERATION WORKFLOW
================================================================================

[STEP 1] Generating image with Kie.ai API...
--------------------------------------------------------------------------------
Generation Result:
{
  "status": "error",
  "message": "API Error: success (Code 200)",
  "response": {
    "code": 200,
    "msg": "success",
    "data": {
      "taskId": "f2d6efef4503a29ec4de5e15e9ac69e1",
      "recordId": "f2d6efef4503a29ec4de5e15e9ac69e1"
    }
  }
}

Γ¥î FAILED: Image generation failed
Error: API Error: success (Code 200)
